0:cpu:RequestGenCPU[RequestGenCPU:40]: Configured CPU to allow 16 maximum Load requests to be memory to be outstanding.
0:cpu:RequestGenCPU[RequestGenCPU:42]: Configured CPU to allow 16 maximum Store requests to be memory to be outstanding.
0:cpu:RequestGenCPU[RequestGenCPU:46]: Memory interface to be loaded is: memHierarchy.memInterface
0:cpu:RequestGenCPU[RequestGenCPU:57]: Loaded memory interface successfully.
0:cpu:RequestGenCPU[RequestGenCPU:60]: Initializing memory interface...
0:cpu:RequestGenCPU[RequestGenCPU:65]: Loaded memory initialize routine returned successfully.
0:cpu:RequestGenCPU[RequestGenCPU:73]: Loaded memory interface successfully.
0:cpu:RequestGenCPU[RequestGenCPU:80]: CPU clock configured for 2GHz
0:cpu:RequestGenCPU[RequestGenCPU:114]: Request generator to be loaded is: miranda.Stencil3DBenchGenerator
0:cpu:RequestGenCPU[RequestGenCPU:120]: Generator loaded successfully.
0:cpu:RequestGenCPU[RequestGenCPU:158]: Miranda CPU Configuration:
0:cpu:RequestGenCPU[RequestGenCPU:159]: - Max requests per cycle:         2
0:cpu:RequestGenCPU[RequestGenCPU:160]: - Max reorder lookups             16
0:cpu:RequestGenCPU[RequestGenCPU:161]: - Clock:                          2GHz
0:cpu:RequestGenCPU[RequestGenCPU:162]: - Cache line size:                64 bytes
0:cpu:RequestGenCPU[RequestGenCPU:163]: - Max Load requests pending:      16
0:cpu:RequestGenCPU[RequestGenCPU:164]: - Max Store requests pending:     16
0:cpu:RequestGenCPU[RequestGenCPU:165]: Configuration completed.
Initialized with 1 cores
Before initialization 
Assigning the PTW correctly
After initialization 
 cpu.read_reqs : Accumulator : Sum.u64 = 108864; SumSQ.u64 = 108864; Count.u64 = 108864; 
 cpu.write_reqs : Accumulator : Sum.u64 = 4032; SumSQ.u64 = 4032; Count.u64 = 4032; 
 cpu.split_read_reqs : Accumulator : Sum.u64 = 0; SumSQ.u64 = 0; Count.u64 = 0; 
 cpu.split_write_reqs : Accumulator : Sum.u64 = 0; SumSQ.u64 = 0; Count.u64 = 0; 
 cpu.cycles_with_issue : Accumulator : Sum.u64 = 66143; SumSQ.u64 = 66143; Count.u64 = 66143; 
 cpu.cycles_no_issue : Accumulator : Sum.u64 = 540923; SumSQ.u64 = 540923; Count.u64 = 540923; 
 cpu.total_bytes_read : Accumulator : Sum.u64 = 870912; SumSQ.u64 = 6967296; Count.u64 = 108864; 
 cpu.total_bytes_write : Accumulator : Sum.u64 = 32256; SumSQ.u64 = 258048; Count.u64 = 4032; 
 cpu.req_latency : Accumulator : Sum.u64 = 4989339; SumSQ.u64 = 249551719; Count.u64 = 112896; 
 cpu.time : Accumulator : Sum.u64 = 303533; SumSQ.u64 = 92132282089; Count.u64 = 1; 
 cpu.cycles_hit_fence : Accumulator : Sum.u64 = 0; SumSQ.u64 = 0; Count.u64 = 0; 
 cpu.cycles_max_issue : Accumulator : Sum.u64 = 46753; SumSQ.u64 = 46753; Count.u64 = 46753; 
 cpu.cycles_max_reorder : Accumulator : Sum.u64 = 0; SumSQ.u64 = 0; Count.u64 = 0; 
 cpu.cycles : Accumulator : Sum.u64 = 607067; SumSQ.u64 = 607067; Count.u64 = 607067; 
 l1cache.prefetch_opportunities : Accumulator : Sum.u64 = 28271; SumSQ.u64 = 28271; Count.u64 = 28271; 
 l1cache.prefetches_issued : Accumulator : Sum.u64 = 5156; SumSQ.u64 = 5156; Count.u64 = 5156; 
 l1cache.prefetches_canceled_by_page_boundary : Accumulator : Sum.u64 = 335; SumSQ.u64 = 335; Count.u64 = 335; 
 l1cache.prefetches_canceled_by_history : Accumulator : Sum.u64 = 23115; SumSQ.u64 = 23115; Count.u64 = 23115; 
 l1cache.TotalEventsReceived : Accumulator : Sum.u64 = 119359; SumSQ.u64 = 119359; Count.u64 = 119359; 
 l1cache.TotalEventsReplayed : Accumulator : Sum.u64 = 300; SumSQ.u64 = 300; Count.u64 = 300; 
 l1cache.TotalNoncacheableEventsReceived : Accumulator : Sum.u64 = 0; SumSQ.u64 = 0; Count.u64 = 0; 
 l1cache.CacheHits : Accumulator : Sum.u64 = 116734; SumSQ.u64 = 116734; Count.u64 = 116734; 
 l1cache.GetSHit_Arrival : Accumulator : Sum.u64 = 112646; SumSQ.u64 = 112646; Count.u64 = 112646; 
 l1cache.GetXHit_Arrival : Accumulator : Sum.u64 = 3788; SumSQ.u64 = 3788; Count.u64 = 3788; 
 l1cache.GetSXHit_Arrival : Accumulator : Sum.u64 = 0; SumSQ.u64 = 0; Count.u64 = 0; 
 l1cache.GetSHit_Blocked : Accumulator : Sum.u64 = 183; SumSQ.u64 = 183; Count.u64 = 183; 
 l1cache.GetXHit_Blocked : Accumulator : Sum.u64 = 117; SumSQ.u64 = 117; Count.u64 = 117; 
 l1cache.GetSXHit_Blocked : Accumulator : Sum.u64 = 0; SumSQ.u64 = 0; Count.u64 = 0; 
 l1cache.CacheMisses : Accumulator : Sum.u64 = 1307; SumSQ.u64 = 1307; Count.u64 = 1307; 
 l1cache.GetSMiss_Arrival : Accumulator : Sum.u64 = 1180; SumSQ.u64 = 1180; Count.u64 = 1180; 
 l1cache.GetXMiss_Arrival : Accumulator : Sum.u64 = 127; SumSQ.u64 = 127; Count.u64 = 127; 
 l1cache.GetSXMiss_Arrival : Accumulator : Sum.u64 = 0; SumSQ.u64 = 0; Count.u64 = 0; 
 l1cache.GetSMiss_Blocked : Accumulator : Sum.u64 = 0; SumSQ.u64 = 0; Count.u64 = 0; 
 l1cache.GetXMiss_Blocked : Accumulator : Sum.u64 = 0; SumSQ.u64 = 0; Count.u64 = 0; 
 l1cache.GetSXMiss_Blocked : Accumulator : Sum.u64 = 0; SumSQ.u64 = 0; Count.u64 = 0; 
 l1cache.GetS_recv : Accumulator : Sum.u64 = 114020; SumSQ.u64 = 114020; Count.u64 = 114020; 
 l1cache.GetX_recv : Accumulator : Sum.u64 = 4032; SumSQ.u64 = 4032; Count.u64 = 4032; 
 l1cache.GetSX_recv : Accumulator : Sum.u64 = 0; SumSQ.u64 = 0; Count.u64 = 0; 
 l1cache.GetSResp_recv : Accumulator : Sum.u64 = 0; SumSQ.u64 = 0; Count.u64 = 0; 
 l1cache.GetXResp_recv : Accumulator : Sum.u64 = 1307; SumSQ.u64 = 1307; Count.u64 = 1307; 
 l1cache.PutS_recv : Accumulator : Sum.u64 = 0; SumSQ.u64 = 0; Count.u64 = 0; 
 l1cache.PutM_recv : Accumulator : Sum.u64 = 0; SumSQ.u64 = 0; Count.u64 = 0; 
 l1cache.PutE_recv : Accumulator : Sum.u64 = 0; SumSQ.u64 = 0; Count.u64 = 0; 
 l1cache.FetchInv_recv : Accumulator : Sum.u64 = 0; SumSQ.u64 = 0; Count.u64 = 0; 
 l1cache.FetchInvX_recv : Accumulator : Sum.u64 = 0; SumSQ.u64 = 0; Count.u64 = 0; 
 l1cache.Inv_recv : Accumulator : Sum.u64 = 0; SumSQ.u64 = 0; Count.u64 = 0; 
 l1cache.NACK_recv : Accumulator : Sum.u64 = 0; SumSQ.u64 = 0; Count.u64 = 0; 
 l1cache.MSHR_occupancy : Accumulator : Sum.u64 = 290686; SumSQ.u64 = 707122; Count.u64 = 607066; 
 l1cache.Prefetch_requests : Accumulator : Sum.u64 = 5156; SumSQ.u64 = 5156; Count.u64 = 5156; 
 l1cache.Prefetch_hits : Accumulator : Sum.u64 = 4028; SumSQ.u64 = 4028; Count.u64 = 4028; 
 l1cache.Prefetch_drops : Accumulator : Sum.u64 = 11; SumSQ.u64 = 11; Count.u64 = 11; 
 l1cache.evict_I : Accumulator : Sum.u64 = 0; SumSQ.u64 = 0; Count.u64 = 0; 
 l1cache.evict_E : Accumulator : Sum.u64 = 396; SumSQ.u64 = 396; Count.u64 = 396; 
 l1cache.evict_M : Accumulator : Sum.u64 = 399; SumSQ.u64 = 399; Count.u64 = 399; 
 l1cache.evict_IS : Accumulator : Sum.u64 = 0; SumSQ.u64 = 0; Count.u64 = 0; 
 l1cache.evict_IM : Accumulator : Sum.u64 = 0; SumSQ.u64 = 0; Count.u64 = 0; 
 l1cache.evict_IB : Accumulator : Sum.u64 = 0; SumSQ.u64 = 0; Count.u64 = 0; 
 l1cache.evict_SB : Accumulator : Sum.u64 = 0; SumSQ.u64 = 0; Count.u64 = 0; 
 l1cache.latency_GetS_IS : Accumulator : Sum.u64 = 241177; SumSQ.u64 = 49296025; Count.u64 = 1180; 
 l1cache.latency_GetS_M : Accumulator : Sum.u64 = 0; SumSQ.u64 = 0; Count.u64 = 0; 
 l1cache.latency_GetX_IM : Accumulator : Sum.u64 = 25878; SumSQ.u64 = 5273078; Count.u64 = 127; 
 l1cache.latency_GetX_SM : Accumulator : Sum.u64 = 0; SumSQ.u64 = 0; Count.u64 = 0; 
 l1cache.latency_GetX_M : Accumulator : Sum.u64 = 0; SumSQ.u64 = 0; Count.u64 = 0; 
 l1cache.latency_GetSX_IM : Accumulator : Sum.u64 = 0; SumSQ.u64 = 0; Count.u64 = 0; 
 l1cache.latency_GetSX_SM : Accumulator : Sum.u64 = 0; SumSQ.u64 = 0; Count.u64 = 0; 
 l1cache.latency_GetSX_M : Accumulator : Sum.u64 = 0; SumSQ.u64 = 0; Count.u64 = 0; 
 l1cache.EventStalledForLockedCacheline : Accumulator : Sum.u64 = 0; SumSQ.u64 = 0; Count.u64 = 0; 
 l1cache.evict_S : Accumulator : Sum.u64 = 0; SumSQ.u64 = 0; Count.u64 = 0; 
 l1cache.evict_SM : Accumulator : Sum.u64 = 0; SumSQ.u64 = 0; Count.u64 = 0; 
 l1cache.stateEvent_GetS_I : Accumulator : Sum.u64 = 1180; SumSQ.u64 = 1180; Count.u64 = 1180; 
 l1cache.stateEvent_GetS_S : Accumulator : Sum.u64 = 0; SumSQ.u64 = 0; Count.u64 = 0; 
 l1cache.stateEvent_GetS_M : Accumulator : Sum.u64 = 2; SumSQ.u64 = 2; Count.u64 = 2; 
 l1cache.stateEvent_GetX_I : Accumulator : Sum.u64 = 127; SumSQ.u64 = 127; Count.u64 = 127; 
 l1cache.stateEvent_GetX_S : Accumulator : Sum.u64 = 0; SumSQ.u64 = 0; Count.u64 = 0; 
 l1cache.stateEvent_GetX_M : Accumulator : Sum.u64 = 3480; SumSQ.u64 = 3480; Count.u64 = 3480; 
 l1cache.stateEvent_GetSX_I : Accumulator : Sum.u64 = 0; SumSQ.u64 = 0; Count.u64 = 0; 
 l1cache.stateEvent_GetSX_S : Accumulator : Sum.u64 = 0; SumSQ.u64 = 0; Count.u64 = 0; 
 l1cache.stateEvent_GetSX_M : Accumulator : Sum.u64 = 0; SumSQ.u64 = 0; Count.u64 = 0; 
 l1cache.stateEvent_GetSResp_IS : Accumulator : Sum.u64 = 0; SumSQ.u64 = 0; Count.u64 = 0; 
 l1cache.stateEvent_GetXResp_IS : Accumulator : Sum.u64 = 1180; SumSQ.u64 = 1180; Count.u64 = 1180; 
 l1cache.stateEvent_GetXResp_IM : Accumulator : Sum.u64 = 127; SumSQ.u64 = 127; Count.u64 = 127; 
 l1cache.stateEvent_GetXResp_SM : Accumulator : Sum.u64 = 0; SumSQ.u64 = 0; Count.u64 = 0; 
 l1cache.stateEvent_Inv_I : Accumulator : Sum.u64 = 0; SumSQ.u64 = 0; Count.u64 = 0; 
 l1cache.stateEvent_Inv_S : Accumulator : Sum.u64 = 0; SumSQ.u64 = 0; Count.u64 = 0; 
 l1cache.stateEvent_Inv_IS : Accumulator : Sum.u64 = 0; SumSQ.u64 = 0; Count.u64 = 0; 
 l1cache.stateEvent_Inv_IM : Accumulator : Sum.u64 = 0; SumSQ.u64 = 0; Count.u64 = 0; 
 l1cache.stateEvent_Inv_SM : Accumulator : Sum.u64 = 0; SumSQ.u64 = 0; Count.u64 = 0; 
 l1cache.stateEvent_Inv_SB : Accumulator : Sum.u64 = 0; SumSQ.u64 = 0; Count.u64 = 0; 
 l1cache.stateEvent_Inv_IB : Accumulator : Sum.u64 = 0; SumSQ.u64 = 0; Count.u64 = 0; 
 l1cache.stateEvent_FetchInvX_I : Accumulator : Sum.u64 = 0; SumSQ.u64 = 0; Count.u64 = 0; 
 l1cache.stateEvent_FetchInvX_M : Accumulator : Sum.u64 = 0; SumSQ.u64 = 0; Count.u64 = 0; 
 l1cache.stateEvent_FetchInvX_IS : Accumulator : Sum.u64 = 0; SumSQ.u64 = 0; Count.u64 = 0; 
 l1cache.stateEvent_FetchInvX_IM : Accumulator : Sum.u64 = 0; SumSQ.u64 = 0; Count.u64 = 0; 
 l1cache.stateEvent_FetchInvX_SB : Accumulator : Sum.u64 = 0; SumSQ.u64 = 0; Count.u64 = 0; 
 l1cache.stateEvent_FetchInvX_IB : Accumulator : Sum.u64 = 0; SumSQ.u64 = 0; Count.u64 = 0; 
 l1cache.stateEvent_Fetch_I : Accumulator : Sum.u64 = 0; SumSQ.u64 = 0; Count.u64 = 0; 
 l1cache.stateEvent_Fetch_S : Accumulator : Sum.u64 = 0; SumSQ.u64 = 0; Count.u64 = 0; 
 l1cache.stateEvent_Fetch_IS : Accumulator : Sum.u64 = 0; SumSQ.u64 = 0; Count.u64 = 0; 
 l1cache.stateEvent_Fetch_IM : Accumulator : Sum.u64 = 0; SumSQ.u64 = 0; Count.u64 = 0; 
 l1cache.stateEvent_Fetch_SM : Accumulator : Sum.u64 = 0; SumSQ.u64 = 0; Count.u64 = 0; 
 l1cache.stateEvent_Fetch_IB : Accumulator : Sum.u64 = 0; SumSQ.u64 = 0; Count.u64 = 0; 
 l1cache.stateEvent_Fetch_SB : Accumulator : Sum.u64 = 0; SumSQ.u64 = 0; Count.u64 = 0; 
 l1cache.stateEvent_FetchInv_I : Accumulator : Sum.u64 = 0; SumSQ.u64 = 0; Count.u64 = 0; 
 l1cache.stateEvent_FetchInv_S : Accumulator : Sum.u64 = 0; SumSQ.u64 = 0; Count.u64 = 0; 
 l1cache.stateEvent_FetchInv_M : Accumulator : Sum.u64 = 0; SumSQ.u64 = 0; Count.u64 = 0; 
 l1cache.stateEvent_FetchInv_IS : Accumulator : Sum.u64 = 0; SumSQ.u64 = 0; Count.u64 = 0; 
 l1cache.stateEvent_FetchInv_IM : Accumulator : Sum.u64 = 0; SumSQ.u64 = 0; Count.u64 = 0; 
 l1cache.stateEvent_FetchInv_SM : Accumulator : Sum.u64 = 0; SumSQ.u64 = 0; Count.u64 = 0; 
 l1cache.stateEvent_FetchInv_SB : Accumulator : Sum.u64 = 0; SumSQ.u64 = 0; Count.u64 = 0; 
 l1cache.stateEvent_FetchInv_IB : Accumulator : Sum.u64 = 0; SumSQ.u64 = 0; Count.u64 = 0; 
 l1cache.stateEvent_FlushLine_I : Accumulator : Sum.u64 = 0; SumSQ.u64 = 0; Count.u64 = 0; 
 l1cache.stateEvent_FlushLine_S : Accumulator : Sum.u64 = 0; SumSQ.u64 = 0; Count.u64 = 0; 
 l1cache.stateEvent_FlushLine_M : Accumulator : Sum.u64 = 0; SumSQ.u64 = 0; Count.u64 = 0; 
 l1cache.stateEvent_FlushLine_IS : Accumulator : Sum.u64 = 0; SumSQ.u64 = 0; Count.u64 = 0; 
 l1cache.stateEvent_FlushLine_IM : Accumulator : Sum.u64 = 0; SumSQ.u64 = 0; Count.u64 = 0; 
 l1cache.stateEvent_FlushLine_SM : Accumulator : Sum.u64 = 0; SumSQ.u64 = 0; Count.u64 = 0; 
 l1cache.stateEvent_FlushLine_IB : Accumulator : Sum.u64 = 0; SumSQ.u64 = 0; Count.u64 = 0; 
 l1cache.stateEvent_FlushLine_SB : Accumulator : Sum.u64 = 0; SumSQ.u64 = 0; Count.u64 = 0; 
 l1cache.stateEvent_FlushLineInv_I : Accumulator : Sum.u64 = 0; SumSQ.u64 = 0; Count.u64 = 0; 
 l1cache.stateEvent_FlushLineInv_S : Accumulator : Sum.u64 = 0; SumSQ.u64 = 0; Count.u64 = 0; 
 l1cache.stateEvent_FlushLineInv_M : Accumulator : Sum.u64 = 0; SumSQ.u64 = 0; Count.u64 = 0; 
 l1cache.stateEvent_FlushLineInv_IS : Accumulator : Sum.u64 = 0; SumSQ.u64 = 0; Count.u64 = 0; 
 l1cache.stateEvent_FlushLineInv_IM : Accumulator : Sum.u64 = 0; SumSQ.u64 = 0; Count.u64 = 0; 
 l1cache.stateEvent_FlushLineInv_SM : Accumulator : Sum.u64 = 0; SumSQ.u64 = 0; Count.u64 = 0; 
 l1cache.stateEvent_FlushLineInv_IB : Accumulator : Sum.u64 = 0; SumSQ.u64 = 0; Count.u64 = 0; 
 l1cache.stateEvent_FlushLineInv_SB : Accumulator : Sum.u64 = 0; SumSQ.u64 = 0; Count.u64 = 0; 
 l1cache.stateEvent_FlushLineResp_I : Accumulator : Sum.u64 = 0; SumSQ.u64 = 0; Count.u64 = 0; 
 l1cache.stateEvent_FlushLineResp_IB : Accumulator : Sum.u64 = 0; SumSQ.u64 = 0; Count.u64 = 0; 
 l1cache.stateEvent_FlushLineResp_SB : Accumulator : Sum.u64 = 0; SumSQ.u64 = 0; Count.u64 = 0; 
 l1cache.eventSent_GetS : Accumulator : Sum.u64 = 1180; SumSQ.u64 = 1180; Count.u64 = 1180; 
 l1cache.eventSent_GetX : Accumulator : Sum.u64 = 127; SumSQ.u64 = 127; Count.u64 = 127; 
 l1cache.eventSent_GetSX : Accumulator : Sum.u64 = 0; SumSQ.u64 = 0; Count.u64 = 0; 
 l1cache.eventSent_PutM : Accumulator : Sum.u64 = 399; SumSQ.u64 = 399; Count.u64 = 399; 
 l1cache.eventSent_NACK_down : Accumulator : Sum.u64 = 0; SumSQ.u64 = 0; Count.u64 = 0; 
 l1cache.eventSent_FlushLine : Accumulator : Sum.u64 = 0; SumSQ.u64 = 0; Count.u64 = 0; 
 l1cache.eventSent_FlushLineInv : Accumulator : Sum.u64 = 0; SumSQ.u64 = 0; Count.u64 = 0; 
 l1cache.eventSent_FetchResp : Accumulator : Sum.u64 = 0; SumSQ.u64 = 0; Count.u64 = 0; 
 l1cache.eventSent_FetchXResp : Accumulator : Sum.u64 = 0; SumSQ.u64 = 0; Count.u64 = 0; 
 l1cache.eventSent_AckInv : Accumulator : Sum.u64 = 0; SumSQ.u64 = 0; Count.u64 = 0; 
 l1cache.eventSent_GetSResp : Accumulator : Sum.u64 = 108864; SumSQ.u64 = 108864; Count.u64 = 108864; 
 l1cache.eventSent_GetXResp : Accumulator : Sum.u64 = 4032; SumSQ.u64 = 4032; Count.u64 = 4032; 
 l1cache.eventSent_FlushLineResp : Accumulator : Sum.u64 = 0; SumSQ.u64 = 0; Count.u64 = 0; 
 l1cache.stateEvent_AckPut_I : Accumulator : Sum.u64 = 0; SumSQ.u64 = 0; Count.u64 = 0; 
 l1cache.eventSent_PutS : Accumulator : Sum.u64 = 0; SumSQ.u64 = 0; Count.u64 = 0; 
 l1cache.eventSent_PutE : Accumulator : Sum.u64 = 0; SumSQ.u64 = 0; Count.u64 = 0; 
 l1cache.stateEvent_GetS_E : Accumulator : Sum.u64 = 112827; SumSQ.u64 = 112827; Count.u64 = 112827; 
 l1cache.stateEvent_GetX_E : Accumulator : Sum.u64 = 425; SumSQ.u64 = 425; Count.u64 = 425; 
 l1cache.stateEvent_GetSX_E : Accumulator : Sum.u64 = 0; SumSQ.u64 = 0; Count.u64 = 0; 
 l1cache.stateEvent_FlushLine_E : Accumulator : Sum.u64 = 0; SumSQ.u64 = 0; Count.u64 = 0; 
 l1cache.stateEvent_FlushLineInv_E : Accumulator : Sum.u64 = 0; SumSQ.u64 = 0; Count.u64 = 0; 
 l1cache.stateEvent_FetchInv_E : Accumulator : Sum.u64 = 0; SumSQ.u64 = 0; Count.u64 = 0; 
 l1cache.stateEvent_FetchInvX_E : Accumulator : Sum.u64 = 0; SumSQ.u64 = 0; Count.u64 = 0; 
 mmu0.tlb_hits.Core0_PTWC : Accumulator : Sum.u64 = 0; SumSQ.u64 = 0; Count.u64 = 0; 
 mmu0.tlb_misses.Core0_PTWC : Accumulator : Sum.u64 = 17819; SumSQ.u64 = 17819; Count.u64 = 17819; 
 mmu0.total_waiting.0 : Accumulator : Sum.u64 = 9631245; SumSQ.u64 = 926629577; Count.u64 = 112896; 
 mmu0.tlb_hits.Core0_L2 : Accumulator : Sum.u64 = 116; SumSQ.u64 = 116; Count.u64 = 116; 
 mmu0.tlb_misses.Core0_L2 : Accumulator : Sum.u64 = 17819; SumSQ.u64 = 17819; Count.u64 = 17819; 
 mmu0.tlb_hits.Core0_L1 : Accumulator : Sum.u64 = 28353; SumSQ.u64 = 28353; Count.u64 = 28353; 
 mmu0.tlb_misses.Core0_L1 : Accumulator : Sum.u64 = 84543; SumSQ.u64 = 84543; Count.u64 = 84543; 
Simulation is complete, simulated time: 303.534 us
