l2cache: No MSHR lookup latency provided (mshr_latency_cycles)...intrapolated to 2 cycles.
TrivialCPU: Test Completed Successfuly
TrivialCPU cpu Finished after 1000 issued reads, 1000 returned (104054 clocks)
 l1cache.TotalEventsReceived : Accumulator : Sum.u64 = 1506; SumSQ.u64 = 1506; Count.u64 = 1506; 
 l1cache.TotalEventsReplayed : Accumulator : Sum.u64 = 4; SumSQ.u64 = 4; Count.u64 = 4; 
 l1cache.TotalNoncacheableEventsReceived : Accumulator : Sum.u64 = 0; SumSQ.u64 = 0; Count.u64 = 0; 
 l1cache.CacheHits : Accumulator : Sum.u64 = 494; SumSQ.u64 = 494; Count.u64 = 494; 
 l1cache.GetSHit_Arrival : Accumulator : Sum.u64 = 448; SumSQ.u64 = 448; Count.u64 = 448; 
 l1cache.GetXHit_Arrival : Accumulator : Sum.u64 = 42; SumSQ.u64 = 42; Count.u64 = 42; 
 l1cache.GetSXHit_Arrival : Accumulator : Sum.u64 = 0; SumSQ.u64 = 0; Count.u64 = 0; 
 l1cache.GetSHit_Blocked : Accumulator : Sum.u64 = 3; SumSQ.u64 = 3; Count.u64 = 3; 
 l1cache.GetXHit_Blocked : Accumulator : Sum.u64 = 1; SumSQ.u64 = 1; Count.u64 = 1; 
 l1cache.GetSXHit_Blocked : Accumulator : Sum.u64 = 0; SumSQ.u64 = 0; Count.u64 = 0; 
 l1cache.CacheMisses : Accumulator : Sum.u64 = 506; SumSQ.u64 = 506; Count.u64 = 506; 
 l1cache.GetSMiss_Arrival : Accumulator : Sum.u64 = 452; SumSQ.u64 = 452; Count.u64 = 452; 
 l1cache.GetXMiss_Arrival : Accumulator : Sum.u64 = 54; SumSQ.u64 = 54; Count.u64 = 54; 
 l1cache.GetSXMiss_Arrival : Accumulator : Sum.u64 = 0; SumSQ.u64 = 0; Count.u64 = 0; 
 l1cache.GetSMiss_Blocked : Accumulator : Sum.u64 = 0; SumSQ.u64 = 0; Count.u64 = 0; 
 l1cache.GetXMiss_Blocked : Accumulator : Sum.u64 = 0; SumSQ.u64 = 0; Count.u64 = 0; 
 l1cache.GetSXMiss_Blocked : Accumulator : Sum.u64 = 0; SumSQ.u64 = 0; Count.u64 = 0; 
 l1cache.GetS_recv : Accumulator : Sum.u64 = 903; SumSQ.u64 = 903; Count.u64 = 903; 
 l1cache.GetX_recv : Accumulator : Sum.u64 = 97; SumSQ.u64 = 97; Count.u64 = 97; 
 l1cache.GetSX_recv : Accumulator : Sum.u64 = 0; SumSQ.u64 = 0; Count.u64 = 0; 
 l1cache.GetSResp_recv : Accumulator : Sum.u64 = 452; SumSQ.u64 = 452; Count.u64 = 452; 
 l1cache.GetXResp_recv : Accumulator : Sum.u64 = 54; SumSQ.u64 = 54; Count.u64 = 54; 
 l1cache.PutS_recv : Accumulator : Sum.u64 = 0; SumSQ.u64 = 0; Count.u64 = 0; 
 l1cache.PutM_recv : Accumulator : Sum.u64 = 0; SumSQ.u64 = 0; Count.u64 = 0; 
 l1cache.PutE_recv : Accumulator : Sum.u64 = 0; SumSQ.u64 = 0; Count.u64 = 0; 
 l1cache.FetchInv_recv : Accumulator : Sum.u64 = 0; SumSQ.u64 = 0; Count.u64 = 0; 
 l1cache.FetchInvX_recv : Accumulator : Sum.u64 = 0; SumSQ.u64 = 0; Count.u64 = 0; 
 l1cache.Inv_recv : Accumulator : Sum.u64 = 0; SumSQ.u64 = 0; Count.u64 = 0; 
 l1cache.NACK_recv : Accumulator : Sum.u64 = 0; SumSQ.u64 = 0; Count.u64 = 0; 
 l1cache.MSHR_occupancy : Accumulator : Sum.u64 = 34272; SumSQ.u64 = 48332; Count.u64 = 208104; 
 l1cache.evict_I : Accumulator : Sum.u64 = 0; SumSQ.u64 = 0; Count.u64 = 0; 
 l1cache.evict_E : Accumulator : Sum.u64 = 392; SumSQ.u64 = 392; Count.u64 = 392; 
 l1cache.evict_M : Accumulator : Sum.u64 = 82; SumSQ.u64 = 82; Count.u64 = 82; 
 l1cache.evict_IS : Accumulator : Sum.u64 = 0; SumSQ.u64 = 0; Count.u64 = 0; 
 l1cache.evict_IM : Accumulator : Sum.u64 = 0; SumSQ.u64 = 0; Count.u64 = 0; 
 l1cache.evict_IB : Accumulator : Sum.u64 = 0; SumSQ.u64 = 0; Count.u64 = 0; 
 l1cache.evict_SB : Accumulator : Sum.u64 = 0; SumSQ.u64 = 0; Count.u64 = 0; 
 l1cache.latency_GetS_IS : Accumulator : Sum.u64 = 31156; SumSQ.u64 = 5289136; Count.u64 = 452; 
 l1cache.latency_GetS_M : Accumulator : Sum.u64 = 0; SumSQ.u64 = 0; Count.u64 = 0; 
 l1cache.latency_GetX_IM : Accumulator : Sum.u64 = 2676; SumSQ.u64 = 301296; Count.u64 = 54; 
 l1cache.latency_GetX_SM : Accumulator : Sum.u64 = 0; SumSQ.u64 = 0; Count.u64 = 0; 
 l1cache.latency_GetX_M : Accumulator : Sum.u64 = 0; SumSQ.u64 = 0; Count.u64 = 0; 
 l1cache.latency_GetSX_IM : Accumulator : Sum.u64 = 0; SumSQ.u64 = 0; Count.u64 = 0; 
 l1cache.latency_GetSX_SM : Accumulator : Sum.u64 = 0; SumSQ.u64 = 0; Count.u64 = 0; 
 l1cache.latency_GetSX_M : Accumulator : Sum.u64 = 0; SumSQ.u64 = 0; Count.u64 = 0; 
 l1cache.stateEvent_GetS_I : Accumulator : Sum.u64 = 452; SumSQ.u64 = 452; Count.u64 = 452; 
 l1cache.stateEvent_GetS_E : Accumulator : Sum.u64 = 363; SumSQ.u64 = 363; Count.u64 = 363; 
 l1cache.stateEvent_GetS_M : Accumulator : Sum.u64 = 88; SumSQ.u64 = 88; Count.u64 = 88; 
 l1cache.stateEvent_GetX_I : Accumulator : Sum.u64 = 54; SumSQ.u64 = 54; Count.u64 = 54; 
 l1cache.stateEvent_GetX_E : Accumulator : Sum.u64 = 36; SumSQ.u64 = 36; Count.u64 = 36; 
 l1cache.stateEvent_GetX_M : Accumulator : Sum.u64 = 7; SumSQ.u64 = 7; Count.u64 = 7; 
 l1cache.stateEvent_GetSX_I : Accumulator : Sum.u64 = 0; SumSQ.u64 = 0; Count.u64 = 0; 
 l1cache.stateEvent_GetSX_E : Accumulator : Sum.u64 = 0; SumSQ.u64 = 0; Count.u64 = 0; 
 l1cache.stateEvent_GetSX_M : Accumulator : Sum.u64 = 0; SumSQ.u64 = 0; Count.u64 = 0; 
 l1cache.stateEvent_GetSResp_IS : Accumulator : Sum.u64 = 452; SumSQ.u64 = 452; Count.u64 = 452; 
 l1cache.stateEvent_GetXResp_IM : Accumulator : Sum.u64 = 54; SumSQ.u64 = 54; Count.u64 = 54; 
 l1cache.stateEvent_FlushLine_I : Accumulator : Sum.u64 = 0; SumSQ.u64 = 0; Count.u64 = 0; 
 l1cache.stateEvent_FlushLine_E : Accumulator : Sum.u64 = 0; SumSQ.u64 = 0; Count.u64 = 0; 
 l1cache.stateEvent_FlushLine_M : Accumulator : Sum.u64 = 0; SumSQ.u64 = 0; Count.u64 = 0; 
 l1cache.stateEvent_FlushLine_IS : Accumulator : Sum.u64 = 0; SumSQ.u64 = 0; Count.u64 = 0; 
 l1cache.stateEvent_FlushLine_IM : Accumulator : Sum.u64 = 0; SumSQ.u64 = 0; Count.u64 = 0; 
 l1cache.stateEvent_FlushLine_IB : Accumulator : Sum.u64 = 0; SumSQ.u64 = 0; Count.u64 = 0; 
 l1cache.stateEvent_FlushLine_SB : Accumulator : Sum.u64 = 0; SumSQ.u64 = 0; Count.u64 = 0; 
 l1cache.stateEvent_FlushLineInv_I : Accumulator : Sum.u64 = 0; SumSQ.u64 = 0; Count.u64 = 0; 
 l1cache.stateEvent_FlushLineInv_E : Accumulator : Sum.u64 = 0; SumSQ.u64 = 0; Count.u64 = 0; 
 l1cache.stateEvent_FlushLineInv_M : Accumulator : Sum.u64 = 0; SumSQ.u64 = 0; Count.u64 = 0; 
 l1cache.stateEvent_FlushLineInv_IS : Accumulator : Sum.u64 = 0; SumSQ.u64 = 0; Count.u64 = 0; 
 l1cache.stateEvent_FlushLineInv_IM : Accumulator : Sum.u64 = 0; SumSQ.u64 = 0; Count.u64 = 0; 
 l1cache.stateEvent_FlushLineInv_IB : Accumulator : Sum.u64 = 0; SumSQ.u64 = 0; Count.u64 = 0; 
 l1cache.stateEvent_FlushLineInv_SB : Accumulator : Sum.u64 = 0; SumSQ.u64 = 0; Count.u64 = 0; 
 l1cache.stateEvent_FlushLineResp_I : Accumulator : Sum.u64 = 0; SumSQ.u64 = 0; Count.u64 = 0; 
 l1cache.stateEvent_FlushLineResp_IB : Accumulator : Sum.u64 = 0; SumSQ.u64 = 0; Count.u64 = 0; 
 l1cache.stateEvent_FlushLineResp_SB : Accumulator : Sum.u64 = 0; SumSQ.u64 = 0; Count.u64 = 0; 
 l1cache.eventSent_GetS : Accumulator : Sum.u64 = 452; SumSQ.u64 = 452; Count.u64 = 452; 
 l1cache.eventSent_GetX : Accumulator : Sum.u64 = 54; SumSQ.u64 = 54; Count.u64 = 54; 
 l1cache.eventSent_GetSX : Accumulator : Sum.u64 = 0; SumSQ.u64 = 0; Count.u64 = 0; 
 l1cache.eventSent_PutM : Accumulator : Sum.u64 = 82; SumSQ.u64 = 82; Count.u64 = 82; 
 l1cache.eventSent_NACK_down : Accumulator : Sum.u64 = 0; SumSQ.u64 = 0; Count.u64 = 0; 
 l1cache.eventSent_FlushLine : Accumulator : Sum.u64 = 0; SumSQ.u64 = 0; Count.u64 = 0; 
 l1cache.eventSent_FlushLineInv : Accumulator : Sum.u64 = 0; SumSQ.u64 = 0; Count.u64 = 0; 
 l1cache.eventSent_GetSResp : Accumulator : Sum.u64 = 903; SumSQ.u64 = 903; Count.u64 = 903; 
 l1cache.eventSent_GetXResp : Accumulator : Sum.u64 = 97; SumSQ.u64 = 97; Count.u64 = 97; 
 l1cache.eventSent_FlushLineResp : Accumulator : Sum.u64 = 0; SumSQ.u64 = 0; Count.u64 = 0; 
 l1cache.eventSent_NACK_up : Accumulator : Sum.u64 = 0; SumSQ.u64 = 0; Count.u64 = 0; 
 l1cache.eventSent_PutE : Accumulator : Sum.u64 = 392; SumSQ.u64 = 392; Count.u64 = 392; 
 l2cache.TotalEventsReceived : Accumulator : Sum.u64 = 1044; SumSQ.u64 = 1044; Count.u64 = 1044; 
 l2cache.TotalEventsReplayed : Accumulator : Sum.u64 = 0; SumSQ.u64 = 0; Count.u64 = 0; 
 l2cache.TotalNoncacheableEventsReceived : Accumulator : Sum.u64 = 0; SumSQ.u64 = 0; Count.u64 = 0; 
 l2cache.CacheHits : Accumulator : Sum.u64 = 442; SumSQ.u64 = 442; Count.u64 = 442; 
 l2cache.GetSHit_Arrival : Accumulator : Sum.u64 = 391; SumSQ.u64 = 391; Count.u64 = 391; 
 l2cache.GetXHit_Arrival : Accumulator : Sum.u64 = 51; SumSQ.u64 = 51; Count.u64 = 51; 
 l2cache.GetSXHit_Arrival : Accumulator : Sum.u64 = 0; SumSQ.u64 = 0; Count.u64 = 0; 
 l2cache.GetSHit_Blocked : Accumulator : Sum.u64 = 0; SumSQ.u64 = 0; Count.u64 = 0; 
 l2cache.GetXHit_Blocked : Accumulator : Sum.u64 = 0; SumSQ.u64 = 0; Count.u64 = 0; 
 l2cache.GetSXHit_Blocked : Accumulator : Sum.u64 = 0; SumSQ.u64 = 0; Count.u64 = 0; 
 l2cache.CacheMisses : Accumulator : Sum.u64 = 64; SumSQ.u64 = 64; Count.u64 = 64; 
 l2cache.GetSMiss_Arrival : Accumulator : Sum.u64 = 61; SumSQ.u64 = 61; Count.u64 = 61; 
 l2cache.GetXMiss_Arrival : Accumulator : Sum.u64 = 3; SumSQ.u64 = 3; Count.u64 = 3; 
 l2cache.GetSXMiss_Arrival : Accumulator : Sum.u64 = 0; SumSQ.u64 = 0; Count.u64 = 0; 
 l2cache.GetSMiss_Blocked : Accumulator : Sum.u64 = 0; SumSQ.u64 = 0; Count.u64 = 0; 
 l2cache.GetXMiss_Blocked : Accumulator : Sum.u64 = 0; SumSQ.u64 = 0; Count.u64 = 0; 
 l2cache.GetSXMiss_Blocked : Accumulator : Sum.u64 = 0; SumSQ.u64 = 0; Count.u64 = 0; 
 l2cache.GetS_recv : Accumulator : Sum.u64 = 452; SumSQ.u64 = 452; Count.u64 = 452; 
 l2cache.GetX_recv : Accumulator : Sum.u64 = 54; SumSQ.u64 = 54; Count.u64 = 54; 
 l2cache.GetSX_recv : Accumulator : Sum.u64 = 0; SumSQ.u64 = 0; Count.u64 = 0; 
 l2cache.GetSResp_recv : Accumulator : Sum.u64 = 0; SumSQ.u64 = 0; Count.u64 = 0; 
 l2cache.GetXResp_recv : Accumulator : Sum.u64 = 64; SumSQ.u64 = 64; Count.u64 = 64; 
 l2cache.PutS_recv : Accumulator : Sum.u64 = 0; SumSQ.u64 = 0; Count.u64 = 0; 
 l2cache.PutM_recv : Accumulator : Sum.u64 = 82; SumSQ.u64 = 82; Count.u64 = 82; 
 l2cache.PutE_recv : Accumulator : Sum.u64 = 392; SumSQ.u64 = 392; Count.u64 = 392; 
 l2cache.FetchInv_recv : Accumulator : Sum.u64 = 0; SumSQ.u64 = 0; Count.u64 = 0; 
 l2cache.FetchInvX_recv : Accumulator : Sum.u64 = 0; SumSQ.u64 = 0; Count.u64 = 0; 
 l2cache.Inv_recv : Accumulator : Sum.u64 = 0; SumSQ.u64 = 0; Count.u64 = 0; 
 l2cache.NACK_recv : Accumulator : Sum.u64 = 0; SumSQ.u64 = 0; Count.u64 = 0; 
 l2cache.MSHR_occupancy : Accumulator : Sum.u64 = 16128; SumSQ.u64 = 25180; Count.u64 = 207770; 
 l2cache.evict_I : Accumulator : Sum.u64 = 0; SumSQ.u64 = 0; Count.u64 = 0; 
 l2cache.evict_E : Accumulator : Sum.u64 = 0; SumSQ.u64 = 0; Count.u64 = 0; 
 l2cache.evict_M : Accumulator : Sum.u64 = 0; SumSQ.u64 = 0; Count.u64 = 0; 
 l2cache.evict_IS : Accumulator : Sum.u64 = 0; SumSQ.u64 = 0; Count.u64 = 0; 
 l2cache.evict_IM : Accumulator : Sum.u64 = 0; SumSQ.u64 = 0; Count.u64 = 0; 
 l2cache.evict_IB : Accumulator : Sum.u64 = 0; SumSQ.u64 = 0; Count.u64 = 0; 
 l2cache.evict_SB : Accumulator : Sum.u64 = 0; SumSQ.u64 = 0; Count.u64 = 0; 
 l2cache.latency_GetS_IS : Accumulator : Sum.u64 = 15372; SumSQ.u64 = 3873744; Count.u64 = 61; 
 l2cache.latency_GetS_M : Accumulator : Sum.u64 = 0; SumSQ.u64 = 0; Count.u64 = 0; 
 l2cache.latency_GetX_IM : Accumulator : Sum.u64 = 756; SumSQ.u64 = 190512; Count.u64 = 3; 
 l2cache.latency_GetX_SM : Accumulator : Sum.u64 = 0; SumSQ.u64 = 0; Count.u64 = 0; 
 l2cache.latency_GetX_M : Accumulator : Sum.u64 = 0; SumSQ.u64 = 0; Count.u64 = 0; 
 l2cache.latency_GetSX_IM : Accumulator : Sum.u64 = 0; SumSQ.u64 = 0; Count.u64 = 0; 
 l2cache.latency_GetSX_SM : Accumulator : Sum.u64 = 0; SumSQ.u64 = 0; Count.u64 = 0; 
 l2cache.latency_GetSX_M : Accumulator : Sum.u64 = 0; SumSQ.u64 = 0; Count.u64 = 0; 
 l2cache.stateEvent_GetS_I : Accumulator : Sum.u64 = 0; SumSQ.u64 = 0; Count.u64 = 0; 
 l2cache.stateEvent_GetS_E : Accumulator : Sum.u64 = 210; SumSQ.u64 = 210; Count.u64 = 210; 
 l2cache.stateEvent_GetS_M : Accumulator : Sum.u64 = 181; SumSQ.u64 = 181; Count.u64 = 181; 
 l2cache.stateEvent_GetX_I : Accumulator : Sum.u64 = 0; SumSQ.u64 = 0; Count.u64 = 0; 
 l2cache.stateEvent_GetX_E : Accumulator : Sum.u64 = 25; SumSQ.u64 = 25; Count.u64 = 25; 
 l2cache.stateEvent_GetX_M : Accumulator : Sum.u64 = 26; SumSQ.u64 = 26; Count.u64 = 26; 
 l2cache.stateEvent_GetSX_I : Accumulator : Sum.u64 = 0; SumSQ.u64 = 0; Count.u64 = 0; 
 l2cache.stateEvent_GetSX_E : Accumulator : Sum.u64 = 0; SumSQ.u64 = 0; Count.u64 = 0; 
 l2cache.stateEvent_GetSX_M : Accumulator : Sum.u64 = 0; SumSQ.u64 = 0; Count.u64 = 0; 
 l2cache.stateEvent_GetSResp_IS : Accumulator : Sum.u64 = 0; SumSQ.u64 = 0; Count.u64 = 0; 
 l2cache.stateEvent_GetXResp_IS : Accumulator : Sum.u64 = 0; SumSQ.u64 = 0; Count.u64 = 0; 
 l2cache.stateEvent_GetXResp_IM : Accumulator : Sum.u64 = 0; SumSQ.u64 = 0; Count.u64 = 0; 
 l2cache.stateEvent_PutE_I : Accumulator : Sum.u64 = 54; SumSQ.u64 = 54; Count.u64 = 54; 
 l2cache.stateEvent_PutE_E : Accumulator : Sum.u64 = 187; SumSQ.u64 = 187; Count.u64 = 187; 
 l2cache.stateEvent_PutE_M : Accumulator : Sum.u64 = 151; SumSQ.u64 = 151; Count.u64 = 151; 
 l2cache.stateEvent_PutE_IS : Accumulator : Sum.u64 = 0; SumSQ.u64 = 0; Count.u64 = 0; 
 l2cache.stateEvent_PutE_IM : Accumulator : Sum.u64 = 0; SumSQ.u64 = 0; Count.u64 = 0; 
 l2cache.stateEvent_PutE_IB : Accumulator : Sum.u64 = 0; SumSQ.u64 = 0; Count.u64 = 0; 
 l2cache.stateEvent_PutE_SB : Accumulator : Sum.u64 = 0; SumSQ.u64 = 0; Count.u64 = 0; 
 l2cache.stateEvent_PutM_I : Accumulator : Sum.u64 = 10; SumSQ.u64 = 10; Count.u64 = 10; 
 l2cache.stateEvent_PutM_E : Accumulator : Sum.u64 = 36; SumSQ.u64 = 36; Count.u64 = 36; 
 l2cache.stateEvent_PutM_M : Accumulator : Sum.u64 = 36; SumSQ.u64 = 36; Count.u64 = 36; 
 l2cache.stateEvent_PutM_IS : Accumulator : Sum.u64 = 0; SumSQ.u64 = 0; Count.u64 = 0; 
 l2cache.stateEvent_PutM_IM : Accumulator : Sum.u64 = 0; SumSQ.u64 = 0; Count.u64 = 0; 
 l2cache.stateEvent_PutM_IB : Accumulator : Sum.u64 = 0; SumSQ.u64 = 0; Count.u64 = 0; 
 l2cache.stateEvent_PutM_SB : Accumulator : Sum.u64 = 0; SumSQ.u64 = 0; Count.u64 = 0; 
 l2cache.stateEvent_FlushLine_I : Accumulator : Sum.u64 = 0; SumSQ.u64 = 0; Count.u64 = 0; 
 l2cache.stateEvent_FlushLine_E : Accumulator : Sum.u64 = 0; SumSQ.u64 = 0; Count.u64 = 0; 
 l2cache.stateEvent_FlushLine_M : Accumulator : Sum.u64 = 0; SumSQ.u64 = 0; Count.u64 = 0; 
 l2cache.stateEvent_FlushLine_IS : Accumulator : Sum.u64 = 0; SumSQ.u64 = 0; Count.u64 = 0; 
 l2cache.stateEvent_FlushLine_IM : Accumulator : Sum.u64 = 0; SumSQ.u64 = 0; Count.u64 = 0; 
 l2cache.stateEvent_FlushLine_IB : Accumulator : Sum.u64 = 0; SumSQ.u64 = 0; Count.u64 = 0; 
 l2cache.stateEvent_FlushLine_SB : Accumulator : Sum.u64 = 0; SumSQ.u64 = 0; Count.u64 = 0; 
 l2cache.stateEvent_FlushLineInv_I : Accumulator : Sum.u64 = 0; SumSQ.u64 = 0; Count.u64 = 0; 
 l2cache.stateEvent_FlushLineInv_E : Accumulator : Sum.u64 = 0; SumSQ.u64 = 0; Count.u64 = 0; 
 l2cache.stateEvent_FlushLineInv_M : Accumulator : Sum.u64 = 0; SumSQ.u64 = 0; Count.u64 = 0; 
 l2cache.stateEvent_FlushLineInv_IS : Accumulator : Sum.u64 = 0; SumSQ.u64 = 0; Count.u64 = 0; 
 l2cache.stateEvent_FlushLineInv_IM : Accumulator : Sum.u64 = 0; SumSQ.u64 = 0; Count.u64 = 0; 
 l2cache.stateEvent_FlushLineInv_IB : Accumulator : Sum.u64 = 0; SumSQ.u64 = 0; Count.u64 = 0; 
 l2cache.stateEvent_FlushLineInv_SB : Accumulator : Sum.u64 = 0; SumSQ.u64 = 0; Count.u64 = 0; 
 l2cache.stateEvent_FlushLineResp_I : Accumulator : Sum.u64 = 0; SumSQ.u64 = 0; Count.u64 = 0; 
 l2cache.stateEvent_FlushLineResp_IB : Accumulator : Sum.u64 = 0; SumSQ.u64 = 0; Count.u64 = 0; 
 l2cache.stateEvent_FlushLineResp_SB : Accumulator : Sum.u64 = 0; SumSQ.u64 = 0; Count.u64 = 0; 
 l2cache.eventSent_GetS : Accumulator : Sum.u64 = 61; SumSQ.u64 = 61; Count.u64 = 61; 
 l2cache.eventSent_GetX : Accumulator : Sum.u64 = 3; SumSQ.u64 = 3; Count.u64 = 3; 
 l2cache.eventSent_GetSX : Accumulator : Sum.u64 = 0; SumSQ.u64 = 0; Count.u64 = 0; 
 l2cache.eventSent_PutE : Accumulator : Sum.u64 = 0; SumSQ.u64 = 0; Count.u64 = 0; 
 l2cache.eventSent_PutM : Accumulator : Sum.u64 = 0; SumSQ.u64 = 0; Count.u64 = 0; 
 l2cache.eventSent_FlushLine : Accumulator : Sum.u64 = 0; SumSQ.u64 = 0; Count.u64 = 0; 
 l2cache.eventSent_FlushLineInv : Accumulator : Sum.u64 = 0; SumSQ.u64 = 0; Count.u64 = 0; 
 l2cache.eventSent_NACK_down : Accumulator : Sum.u64 = 0; SumSQ.u64 = 0; Count.u64 = 0; 
 l2cache.eventSent_GetSResp : Accumulator : Sum.u64 = 452; SumSQ.u64 = 452; Count.u64 = 452; 
 l2cache.eventSent_GetXResp : Accumulator : Sum.u64 = 54; SumSQ.u64 = 54; Count.u64 = 54; 
 l2cache.eventSent_FlushLineResp : Accumulator : Sum.u64 = 0; SumSQ.u64 = 0; Count.u64 = 0; 
 l2cache.eventSent_NACK_up : Accumulator : Sum.u64 = 0; SumSQ.u64 = 0; Count.u64 = 0; 
 memory.requests_received_GetS : Accumulator : Sum.u64 = 61; SumSQ.u64 = 61; Count.u64 = 61; 
 memory.requests_received_GetSX : Accumulator : Sum.u64 = 0; SumSQ.u64 = 0; Count.u64 = 0; 
 memory.requests_received_GetX : Accumulator : Sum.u64 = 3; SumSQ.u64 = 3; Count.u64 = 3; 
 memory.requests_received_PutM : Accumulator : Sum.u64 = 0; SumSQ.u64 = 0; Count.u64 = 0; 
 memory.outstanding_requests : Accumulator : Sum.u64 = 6464; SumSQ.u64 = 9488; Count.u64 = 104054; 
 memory.latency_GetS : Accumulator : Sum.u64 = 6161; SumSQ.u64 = 622261; Count.u64 = 61; 
 memory.latency_GetSX : Accumulator : Sum.u64 = 0; SumSQ.u64 = 0; Count.u64 = 0; 
 memory.latency_GetX : Accumulator : Sum.u64 = 303; SumSQ.u64 = 30603; Count.u64 = 3; 
 memory.latency_PutM : Accumulator : Sum.u64 = 0; SumSQ.u64 = 0; Count.u64 = 0; 
 memory.cycles_with_issue : Accumulator : Sum.u64 = 64; SumSQ.u64 = 64; Count.u64 = 64; 
 memory.cycles_attempted_issue_but_rejected : Accumulator : Sum.u64 = 0; SumSQ.u64 = 0; Count.u64 = 0; 
 memory.total_cycles : Accumulator : Sum.u64 = 104054; SumSQ.u64 = 10827234916; Count.u64 = 1; 
Simulation is complete, simulated time: 104.054 us
