4872:  0 Finished sending packets (total of 10)
4872:  1 Finished sending packets (total of 10)
4872:  2 Finished sending packets (total of 10)
4872:  3 Finished sending packets (total of 10)
4872:  4 Finished sending packets (total of 10)
4872:  5 Finished sending packets (total of 10)
4872:  6 Finished sending packets (total of 10)
4872:  7 Finished sending packets (total of 10)
4872:  8 Finished sending packets (total of 10)
4872:  9 Finished sending packets (total of 10)
4872:  10 Finished sending packets (total of 10)
4872:  11 Finished sending packets (total of 10)
4872:  12 Finished sending packets (total of 10)
4872:  13 Finished sending packets (total of 10)
4872:  14 Finished sending packets (total of 10)
4872:  15 Finished sending packets (total of 10)
4872:  16 Finished sending packets (total of 10)
4872:  17 Finished sending packets (total of 10)
4872:  18 Finished sending packets (total of 10)
4872:  19 Finished sending packets (total of 10)
4872:  20 Finished sending packets (total of 10)
4872:  21 Finished sending packets (total of 10)
4872:  22 Finished sending packets (total of 10)
4872:  23 Finished sending packets (total of 10)
4872:  24 Finished sending packets (total of 10)
4872:  25 Finished sending packets (total of 10)
4872:  26 Finished sending packets (total of 10)
4872:  27 Finished sending packets (total of 10)
4872:  28 Finished sending packets (total of 10)
4872:  29 Finished sending packets (total of 10)
4872:  30 Finished sending packets (total of 10)
4872:  31 Finished sending packets (total of 10)
4872:  32 Finished sending packets (total of 10)
4872:  33 Finished sending packets (total of 10)
4872:  34 Finished sending packets (total of 10)
4872:  35 Finished sending packets (total of 10)
4872:  36 Finished sending packets (total of 10)
4872:  37 Finished sending packets (total of 10)
4872:  38 Finished sending packets (total of 10)
4872:  39 Finished sending packets (total of 10)
4872:  40 Finished sending packets (total of 10)
4872:  41 Finished sending packets (total of 10)
4872:  42 Finished sending packets (total of 10)
4872:  43 Finished sending packets (total of 10)
4872:  44 Finished sending packets (total of 10)
4872:  45 Finished sending packets (total of 10)
4872:  46 Finished sending packets (total of 10)
4872:  47 Finished sending packets (total of 10)
4872:  48 Finished sending packets (total of 10)
4872:  49 Finished sending packets (total of 10)
4872:  50 Finished sending packets (total of 10)
4872:  51 Finished sending packets (total of 10)
4872:  52 Finished sending packets (total of 10)
4872:  53 Finished sending packets (total of 10)
4872:  54 Finished sending packets (total of 10)
4872:  55 Finished sending packets (total of 10)
4872:  56 Finished sending packets (total of 10)
4872:  57 Finished sending packets (total of 10)
4872:  58 Finished sending packets (total of 10)
4872:  59 Finished sending packets (total of 10)
4872:  60 Finished sending packets (total of 10)
4872:  61 Finished sending packets (total of 10)
4872:  62 Finished sending packets (total of 10)
4872:  63 Finished sending packets (total of 10)
4872:  64 Finished sending packets (total of 10)
4872:  65 Finished sending packets (total of 10)
4872:  66 Finished sending packets (total of 10)
4872:  67 Finished sending packets (total of 10)
4872:  68 Finished sending packets (total of 10)
4872:  69 Finished sending packets (total of 10)
4872:  70 Finished sending packets (total of 10)
4872:  71 Finished sending packets (total of 10)
4872:  72 Finished sending packets (total of 10)
4872:  73 Finished sending packets (total of 10)
4872:  74 Finished sending packets (total of 10)
4872:  75 Finished sending packets (total of 10)
4872:  76 Finished sending packets (total of 10)
4872:  77 Finished sending packets (total of 10)
4872:  78 Finished sending packets (total of 10)
4872:  79 Finished sending packets (total of 10)
4872:  80 Finished sending packets (total of 10)
4872:  81 Finished sending packets (total of 10)
4872:  82 Finished sending packets (total of 10)
4872:  83 Finished sending packets (total of 10)
4872:  84 Finished sending packets (total of 10)
4872:  85 Finished sending packets (total of 10)
4872:  86 Finished sending packets (total of 10)
4872:  87 Finished sending packets (total of 10)
4872:  88 Finished sending packets (total of 10)
4872:  89 Finished sending packets (total of 10)
4872:  90 Finished sending packets (total of 10)
4872:  91 Finished sending packets (total of 10)
4872:  92 Finished sending packets (total of 10)
4872:  93 Finished sending packets (total of 10)
4872:  94 Finished sending packets (total of 10)
4872:  95 Finished sending packets (total of 10)
4872:  96 Finished sending packets (total of 10)
4872:  97 Finished sending packets (total of 10)
4872:  98 Finished sending packets (total of 10)
4872:  99 Finished sending packets (total of 10)
4872:  100 Finished sending packets (total of 10)
4872:  101 Finished sending packets (total of 10)
4872:  102 Finished sending packets (total of 10)
4872:  103 Finished sending packets (total of 10)
4872:  104 Finished sending packets (total of 10)
4872:  105 Finished sending packets (total of 10)
4872:  106 Finished sending packets (total of 10)
4872:  107 Finished sending packets (total of 10)
4872:  108 Finished sending packets (total of 10)
4872:  109 Finished sending packets (total of 10)
4872:  110 Finished sending packets (total of 10)
4872:  111 Finished sending packets (total of 10)
4872:  112 Finished sending packets (total of 10)
4872:  113 Finished sending packets (total of 10)
4872:  114 Finished sending packets (total of 10)
4872:  115 Finished sending packets (total of 10)
4872:  116 Finished sending packets (total of 10)
4872:  117 Finished sending packets (total of 10)
4872:  118 Finished sending packets (total of 10)
4872:  119 Finished sending packets (total of 10)
4872:  120 Finished sending packets (total of 10)
4872:  121 Finished sending packets (total of 10)
4872:  122 Finished sending packets (total of 10)
4872:  123 Finished sending packets (total of 10)
4872:  124 Finished sending packets (total of 10)
4872:  125 Finished sending packets (total of 10)
4872:  126 Finished sending packets (total of 10)
4872:  127 Finished sending packets (total of 10)
4872:  128 Finished sending packets (total of 10)
4872:  129 Finished sending packets (total of 10)
4872:  130 Finished sending packets (total of 10)
4872:  131 Finished sending packets (total of 10)
4872:  132 Finished sending packets (total of 10)
4872:  133 Finished sending packets (total of 10)
4872:  134 Finished sending packets (total of 10)
4872:  135 Finished sending packets (total of 10)
4872:  136 Finished sending packets (total of 10)
4872:  137 Finished sending packets (total of 10)
4872:  138 Finished sending packets (total of 10)
4872:  139 Finished sending packets (total of 10)
4872:  140 Finished sending packets (total of 10)
4872:  141 Finished sending packets (total of 10)
4872:  142 Finished sending packets (total of 10)
4872:  143 Finished sending packets (total of 10)
4872:  144 Finished sending packets (total of 10)
4872:  145 Finished sending packets (total of 10)
4872:  146 Finished sending packets (total of 10)
4872:  147 Finished sending packets (total of 10)
4872:  148 Finished sending packets (total of 10)
4872:  149 Finished sending packets (total of 10)
4872:  150 Finished sending packets (total of 10)
4872:  151 Finished sending packets (total of 10)
4872:  152 Finished sending packets (total of 10)
4872:  153 Finished sending packets (total of 10)
4872:  154 Finished sending packets (total of 10)
4872:  155 Finished sending packets (total of 10)
4872:  156 Finished sending packets (total of 10)
4872:  157 Finished sending packets (total of 10)
4872:  158 Finished sending packets (total of 10)
4872:  159 Finished sending packets (total of 10)
4872:  160 Finished sending packets (total of 10)
4872:  161 Finished sending packets (total of 10)
4872:  162 Finished sending packets (total of 10)
4872:  163 Finished sending packets (total of 10)
4872:  164 Finished sending packets (total of 10)
4872:  165 Finished sending packets (total of 10)
4872:  166 Finished sending packets (total of 10)
4872:  167 Finished sending packets (total of 10)
4872:  168 Finished sending packets (total of 10)
4872:  169 Finished sending packets (total of 10)
4872:  170 Finished sending packets (total of 10)
4872:  171 Finished sending packets (total of 10)
4872:  172 Finished sending packets (total of 10)
4872:  173 Finished sending packets (total of 10)
4872:  174 Finished sending packets (total of 10)
4872:  175 Finished sending packets (total of 10)
4872:  176 Finished sending packets (total of 10)
4872:  177 Finished sending packets (total of 10)
4872:  178 Finished sending packets (total of 10)
4872:  179 Finished sending packets (total of 10)
4872:  180 Finished sending packets (total of 10)
4872:  181 Finished sending packets (total of 10)
4872:  182 Finished sending packets (total of 10)
4872:  183 Finished sending packets (total of 10)
4872:  184 Finished sending packets (total of 10)
4872:  185 Finished sending packets (total of 10)
4872:  186 Finished sending packets (total of 10)
4872:  187 Finished sending packets (total of 10)
4872:  188 Finished sending packets (total of 10)
4872:  189 Finished sending packets (total of 10)
4872:  190 Finished sending packets (total of 10)
4872:  191 Finished sending packets (total of 10)
4872:  192 Finished sending packets (total of 10)
4872:  193 Finished sending packets (total of 10)
4872:  194 Finished sending packets (total of 10)
4872:  195 Finished sending packets (total of 10)
4872:  196 Finished sending packets (total of 10)
4872:  197 Finished sending packets (total of 10)
4872:  198 Finished sending packets (total of 10)
4872:  199 Finished sending packets (total of 10)
4872:  200 Finished sending packets (total of 10)
4872:  201 Finished sending packets (total of 10)
4872:  202 Finished sending packets (total of 10)
4872:  203 Finished sending packets (total of 10)
4872:  204 Finished sending packets (total of 10)
4872:  205 Finished sending packets (total of 10)
4872:  206 Finished sending packets (total of 10)
4872:  207 Finished sending packets (total of 10)
4872:  208 Finished sending packets (total of 10)
4872:  209 Finished sending packets (total of 10)
4872:  210 Finished sending packets (total of 10)
4872:  211 Finished sending packets (total of 10)
4872:  212 Finished sending packets (total of 10)
4872:  213 Finished sending packets (total of 10)
4872:  214 Finished sending packets (total of 10)
4872:  215 Finished sending packets (total of 10)
4872:  216 Finished sending packets (total of 10)
4872:  217 Finished sending packets (total of 10)
4872:  218 Finished sending packets (total of 10)
4872:  219 Finished sending packets (total of 10)
4872:  220 Finished sending packets (total of 10)
4872:  221 Finished sending packets (total of 10)
4872:  222 Finished sending packets (total of 10)
4872:  223 Finished sending packets (total of 10)
4872:  224 Finished sending packets (total of 10)
4872:  225 Finished sending packets (total of 10)
4872:  226 Finished sending packets (total of 10)
4872:  227 Finished sending packets (total of 10)
4872:  228 Finished sending packets (total of 10)
4872:  229 Finished sending packets (total of 10)
4872:  230 Finished sending packets (total of 10)
4872:  231 Finished sending packets (total of 10)
4872:  232 Finished sending packets (total of 10)
4872:  233 Finished sending packets (total of 10)
4872:  234 Finished sending packets (total of 10)
4872:  235 Finished sending packets (total of 10)
4872:  236 Finished sending packets (total of 10)
4872:  237 Finished sending packets (total of 10)
4872:  238 Finished sending packets (total of 10)
4872:  239 Finished sending packets (total of 10)
4872:  240 Finished sending packets (total of 10)
4872:  241 Finished sending packets (total of 10)
4872:  242 Finished sending packets (total of 10)
4872:  243 Finished sending packets (total of 10)
4872:  244 Finished sending packets (total of 10)
4872:  245 Finished sending packets (total of 10)
4872:  246 Finished sending packets (total of 10)
4872:  247 Finished sending packets (total of 10)
4872:  248 Finished sending packets (total of 10)
4872:  249 Finished sending packets (total of 10)
4872:  250 Finished sending packets (total of 10)
4872:  251 Finished sending packets (total of 10)
4872:  252 Finished sending packets (total of 10)
4872:  253 Finished sending packets (total of 10)
4872:  254 Finished sending packets (total of 10)
4872:  255 Finished sending packets (total of 10)
7884: NIC 0 received all packets (total of 2560)!
7884: NIC 64 received all packets (total of 2560)!
7884: NIC 128 received all packets (total of 2560)!
7884: NIC 192 received all packets (total of 2560)!
7886: NIC 1 received all packets (total of 2560)!
7886: NIC 65 received all packets (total of 2560)!
7886: NIC 129 received all packets (total of 2560)!
7886: NIC 193 received all packets (total of 2560)!
7888: NIC 2 received all packets (total of 2560)!
7888: NIC 66 received all packets (total of 2560)!
7888: NIC 130 received all packets (total of 2560)!
7888: NIC 194 received all packets (total of 2560)!
7890: NIC 3 received all packets (total of 2560)!
7890: NIC 67 received all packets (total of 2560)!
7890: NIC 131 received all packets (total of 2560)!
7890: NIC 195 received all packets (total of 2560)!
7892: NIC 4 received all packets (total of 2560)!
7892: NIC 68 received all packets (total of 2560)!
7892: NIC 132 received all packets (total of 2560)!
7892: NIC 196 received all packets (total of 2560)!
7894: NIC 5 received all packets (total of 2560)!
7894: NIC 8 received all packets (total of 2560)!
7894: NIC 69 received all packets (total of 2560)!
7894: NIC 72 received all packets (total of 2560)!
7894: NIC 133 received all packets (total of 2560)!
7894: NIC 136 received all packets (total of 2560)!
7894: NIC 197 received all packets (total of 2560)!
7894: NIC 200 received all packets (total of 2560)!
7896: NIC 6 received all packets (total of 2560)!
7896: NIC 9 received all packets (total of 2560)!
7896: NIC 70 received all packets (total of 2560)!
7896: NIC 73 received all packets (total of 2560)!
7896: NIC 134 received all packets (total of 2560)!
7896: NIC 137 received all packets (total of 2560)!
7896: NIC 198 received all packets (total of 2560)!
7896: NIC 201 received all packets (total of 2560)!
7898: NIC 7 received all packets (total of 2560)!
7898: NIC 10 received all packets (total of 2560)!
7898: NIC 71 received all packets (total of 2560)!
7898: NIC 74 received all packets (total of 2560)!
7898: NIC 135 received all packets (total of 2560)!
7898: NIC 138 received all packets (total of 2560)!
7898: NIC 199 received all packets (total of 2560)!
7898: NIC 202 received all packets (total of 2560)!
7900: NIC 11 received all packets (total of 2560)!
7900: NIC 75 received all packets (total of 2560)!
7900: NIC 139 received all packets (total of 2560)!
7900: NIC 203 received all packets (total of 2560)!
7902: NIC 12 received all packets (total of 2560)!
7902: NIC 76 received all packets (total of 2560)!
7902: NIC 140 received all packets (total of 2560)!
7902: NIC 204 received all packets (total of 2560)!
7904: NIC 13 received all packets (total of 2560)!
7904: NIC 77 received all packets (total of 2560)!
7904: NIC 141 received all packets (total of 2560)!
7904: NIC 205 received all packets (total of 2560)!
7906: NIC 14 received all packets (total of 2560)!
7906: NIC 78 received all packets (total of 2560)!
7906: NIC 142 received all packets (total of 2560)!
7906: NIC 206 received all packets (total of 2560)!
7908: NIC 15 received all packets (total of 2560)!
7908: NIC 79 received all packets (total of 2560)!
7908: NIC 143 received all packets (total of 2560)!
7908: NIC 207 received all packets (total of 2560)!
7912: NIC 16 received all packets (total of 2560)!
7912: NIC 80 received all packets (total of 2560)!
7912: NIC 144 received all packets (total of 2560)!
7912: NIC 208 received all packets (total of 2560)!
7914: NIC 17 received all packets (total of 2560)!
7914: NIC 81 received all packets (total of 2560)!
7914: NIC 145 received all packets (total of 2560)!
7914: NIC 209 received all packets (total of 2560)!
7916: NIC 18 received all packets (total of 2560)!
7916: NIC 82 received all packets (total of 2560)!
7916: NIC 146 received all packets (total of 2560)!
7916: NIC 210 received all packets (total of 2560)!
7918: NIC 19 received all packets (total of 2560)!
7918: NIC 83 received all packets (total of 2560)!
7918: NIC 147 received all packets (total of 2560)!
7918: NIC 211 received all packets (total of 2560)!
7920: NIC 20 received all packets (total of 2560)!
7920: NIC 84 received all packets (total of 2560)!
7920: NIC 148 received all packets (total of 2560)!
7920: NIC 212 received all packets (total of 2560)!
7922: NIC 21 received all packets (total of 2560)!
7922: NIC 85 received all packets (total of 2560)!
7922: NIC 149 received all packets (total of 2560)!
7922: NIC 213 received all packets (total of 2560)!
7924: NIC 22 received all packets (total of 2560)!
7924: NIC 86 received all packets (total of 2560)!
7924: NIC 150 received all packets (total of 2560)!
7924: NIC 214 received all packets (total of 2560)!
7926: NIC 23 received all packets (total of 2560)!
7926: NIC 87 received all packets (total of 2560)!
7926: NIC 151 received all packets (total of 2560)!
7926: NIC 215 received all packets (total of 2560)!
7928: NIC 24 received all packets (total of 2560)!
7928: NIC 88 received all packets (total of 2560)!
7928: NIC 152 received all packets (total of 2560)!
7928: NIC 216 received all packets (total of 2560)!
7930: NIC 25 received all packets (total of 2560)!
7930: NIC 89 received all packets (total of 2560)!
7930: NIC 153 received all packets (total of 2560)!
7930: NIC 217 received all packets (total of 2560)!
7932: NIC 26 received all packets (total of 2560)!
7932: NIC 90 received all packets (total of 2560)!
7932: NIC 154 received all packets (total of 2560)!
7932: NIC 218 received all packets (total of 2560)!
7934: NIC 27 received all packets (total of 2560)!
7934: NIC 91 received all packets (total of 2560)!
7934: NIC 155 received all packets (total of 2560)!
7934: NIC 219 received all packets (total of 2560)!
7936: NIC 28 received all packets (total of 2560)!
7936: NIC 92 received all packets (total of 2560)!
7936: NIC 156 received all packets (total of 2560)!
7936: NIC 220 received all packets (total of 2560)!
7938: NIC 29 received all packets (total of 2560)!
7938: NIC 93 received all packets (total of 2560)!
7938: NIC 157 received all packets (total of 2560)!
7938: NIC 221 received all packets (total of 2560)!
7940: NIC 30 received all packets (total of 2560)!
7940: NIC 94 received all packets (total of 2560)!
7940: NIC 158 received all packets (total of 2560)!
7940: NIC 222 received all packets (total of 2560)!
7942: NIC 31 received all packets (total of 2560)!
7942: NIC 95 received all packets (total of 2560)!
7942: NIC 159 received all packets (total of 2560)!
7942: NIC 223 received all packets (total of 2560)!
7944: NIC 32 received all packets (total of 2560)!
7944: NIC 96 received all packets (total of 2560)!
7944: NIC 160 received all packets (total of 2560)!
7944: NIC 224 received all packets (total of 2560)!
7946: NIC 33 received all packets (total of 2560)!
7946: NIC 97 received all packets (total of 2560)!
7946: NIC 161 received all packets (total of 2560)!
7946: NIC 225 received all packets (total of 2560)!
7948: NIC 34 received all packets (total of 2560)!
7948: NIC 98 received all packets (total of 2560)!
7948: NIC 162 received all packets (total of 2560)!
7948: NIC 226 received all packets (total of 2560)!
7950: NIC 35 received all packets (total of 2560)!
7950: NIC 99 received all packets (total of 2560)!
7950: NIC 163 received all packets (total of 2560)!
7950: NIC 227 received all packets (total of 2560)!
7952: NIC 36 received all packets (total of 2560)!
7952: NIC 100 received all packets (total of 2560)!
7952: NIC 164 received all packets (total of 2560)!
7952: NIC 228 received all packets (total of 2560)!
7954: NIC 37 received all packets (total of 2560)!
7954: NIC 101 received all packets (total of 2560)!
7954: NIC 165 received all packets (total of 2560)!
7954: NIC 229 received all packets (total of 2560)!
7956: NIC 38 received all packets (total of 2560)!
7956: NIC 102 received all packets (total of 2560)!
7956: NIC 166 received all packets (total of 2560)!
7956: NIC 230 received all packets (total of 2560)!
7958: NIC 39 received all packets (total of 2560)!
7958: NIC 103 received all packets (total of 2560)!
7958: NIC 167 received all packets (total of 2560)!
7958: NIC 231 received all packets (total of 2560)!
7960: NIC 40 received all packets (total of 2560)!
7960: NIC 104 received all packets (total of 2560)!
7960: NIC 168 received all packets (total of 2560)!
7960: NIC 232 received all packets (total of 2560)!
7962: NIC 41 received all packets (total of 2560)!
7962: NIC 105 received all packets (total of 2560)!
7962: NIC 169 received all packets (total of 2560)!
7962: NIC 233 received all packets (total of 2560)!
7964: NIC 42 received all packets (total of 2560)!
7964: NIC 106 received all packets (total of 2560)!
7964: NIC 170 received all packets (total of 2560)!
7964: NIC 234 received all packets (total of 2560)!
7966: NIC 43 received all packets (total of 2560)!
7966: NIC 107 received all packets (total of 2560)!
7966: NIC 171 received all packets (total of 2560)!
7966: NIC 235 received all packets (total of 2560)!
7968: NIC 44 received all packets (total of 2560)!
7968: NIC 108 received all packets (total of 2560)!
7968: NIC 172 received all packets (total of 2560)!
7968: NIC 236 received all packets (total of 2560)!
7970: NIC 45 received all packets (total of 2560)!
7970: NIC 109 received all packets (total of 2560)!
7970: NIC 173 received all packets (total of 2560)!
7970: NIC 237 received all packets (total of 2560)!
7972: NIC 46 received all packets (total of 2560)!
7972: NIC 110 received all packets (total of 2560)!
7972: NIC 174 received all packets (total of 2560)!
7972: NIC 238 received all packets (total of 2560)!
7974: NIC 47 received all packets (total of 2560)!
7974: NIC 111 received all packets (total of 2560)!
7974: NIC 175 received all packets (total of 2560)!
7974: NIC 239 received all packets (total of 2560)!
7978: NIC 48 received all packets (total of 2560)!
7978: NIC 112 received all packets (total of 2560)!
7978: NIC 176 received all packets (total of 2560)!
7978: NIC 240 received all packets (total of 2560)!
7980: NIC 49 received all packets (total of 2560)!
7980: NIC 113 received all packets (total of 2560)!
7980: NIC 177 received all packets (total of 2560)!
7980: NIC 241 received all packets (total of 2560)!
7982: NIC 50 received all packets (total of 2560)!
7982: NIC 114 received all packets (total of 2560)!
7982: NIC 178 received all packets (total of 2560)!
7982: NIC 242 received all packets (total of 2560)!
7984: NIC 51 received all packets (total of 2560)!
7984: NIC 115 received all packets (total of 2560)!
7984: NIC 179 received all packets (total of 2560)!
7984: NIC 243 received all packets (total of 2560)!
7986: NIC 52 received all packets (total of 2560)!
7986: NIC 116 received all packets (total of 2560)!
7986: NIC 180 received all packets (total of 2560)!
7986: NIC 244 received all packets (total of 2560)!
7988: NIC 53 received all packets (total of 2560)!
7988: NIC 117 received all packets (total of 2560)!
7988: NIC 181 received all packets (total of 2560)!
7988: NIC 245 received all packets (total of 2560)!
7990: NIC 54 received all packets (total of 2560)!
7990: NIC 118 received all packets (total of 2560)!
7990: NIC 182 received all packets (total of 2560)!
7990: NIC 246 received all packets (total of 2560)!
7992: NIC 55 received all packets (total of 2560)!
7992: NIC 119 received all packets (total of 2560)!
7992: NIC 183 received all packets (total of 2560)!
7992: NIC 247 received all packets (total of 2560)!
7994: NIC 56 received all packets (total of 2560)!
7994: NIC 120 received all packets (total of 2560)!
7994: NIC 184 received all packets (total of 2560)!
7994: NIC 248 received all packets (total of 2560)!
7996: NIC 57 received all packets (total of 2560)!
7996: NIC 121 received all packets (total of 2560)!
7996: NIC 185 received all packets (total of 2560)!
7996: NIC 249 received all packets (total of 2560)!
7998: NIC 58 received all packets (total of 2560)!
7998: NIC 122 received all packets (total of 2560)!
7998: NIC 186 received all packets (total of 2560)!
7998: NIC 250 received all packets (total of 2560)!
8000: NIC 59 received all packets (total of 2560)!
8000: NIC 123 received all packets (total of 2560)!
8000: NIC 187 received all packets (total of 2560)!
8000: NIC 251 received all packets (total of 2560)!
8002: NIC 60 received all packets (total of 2560)!
8002: NIC 124 received all packets (total of 2560)!
8002: NIC 188 received all packets (total of 2560)!
8002: NIC 252 received all packets (total of 2560)!
8004: NIC 61 received all packets (total of 2560)!
8004: NIC 125 received all packets (total of 2560)!
8004: NIC 189 received all packets (total of 2560)!
8004: NIC 253 received all packets (total of 2560)!
8006: NIC 62 received all packets (total of 2560)!
8006: NIC 126 received all packets (total of 2560)!
8006: NIC 190 received all packets (total of 2560)!
8006: NIC 254 received all packets (total of 2560)!
8008: NIC 63 received all packets (total of 2560)!
8008: NIC 127 received all packets (total of 2560)!
8008: NIC 191 received all packets (total of 2560)!
8008: NIC 255 received all packets (total of 2560)!
Nic 255 had 2312 stalled cycles.
Nic 254 had 2312 stalled cycles.
Nic 253 had 2312 stalled cycles.
Nic 252 had 2312 stalled cycles.
Nic 251 had 2312 stalled cycles.
Nic 250 had 2312 stalled cycles.
Nic 249 had 2312 stalled cycles.
Nic 248 had 2312 stalled cycles.
Nic 247 had 2312 stalled cycles.
Nic 246 had 2312 stalled cycles.
Nic 245 had 2312 stalled cycles.
Nic 244 had 2312 stalled cycles.
Nic 243 had 2312 stalled cycles.
Nic 242 had 2312 stalled cycles.
Nic 241 had 2312 stalled cycles.
Nic 240 had 2312 stalled cycles.
Nic 239 had 2312 stalled cycles.
Nic 238 had 2312 stalled cycles.
Nic 237 had 2312 stalled cycles.
Nic 236 had 2312 stalled cycles.
Nic 235 had 2312 stalled cycles.
Nic 234 had 2312 stalled cycles.
Nic 233 had 2312 stalled cycles.
Nic 232 had 2312 stalled cycles.
Nic 231 had 2312 stalled cycles.
Nic 230 had 2312 stalled cycles.
Nic 229 had 2312 stalled cycles.
Nic 228 had 2312 stalled cycles.
Nic 227 had 2312 stalled cycles.
Nic 226 had 2312 stalled cycles.
Nic 225 had 2312 stalled cycles.
Nic 224 had 2312 stalled cycles.
Nic 223 had 2312 stalled cycles.
Nic 222 had 2312 stalled cycles.
Nic 221 had 2312 stalled cycles.
Nic 220 had 2312 stalled cycles.
Nic 219 had 2312 stalled cycles.
Nic 218 had 2312 stalled cycles.
Nic 217 had 2312 stalled cycles.
Nic 216 had 2312 stalled cycles.
Nic 215 had 2312 stalled cycles.
Nic 214 had 2312 stalled cycles.
Nic 213 had 2312 stalled cycles.
Nic 212 had 2312 stalled cycles.
Nic 211 had 2312 stalled cycles.
Nic 210 had 2312 stalled cycles.
Nic 209 had 2312 stalled cycles.
Nic 208 had 2312 stalled cycles.
Nic 207 had 2312 stalled cycles.
Nic 206 had 2312 stalled cycles.
Nic 205 had 2312 stalled cycles.
Nic 204 had 2312 stalled cycles.
Nic 203 had 2312 stalled cycles.
Nic 202 had 2312 stalled cycles.
Nic 201 had 2312 stalled cycles.
Nic 200 had 2312 stalled cycles.
Nic 199 had 2312 stalled cycles.
Nic 198 had 2312 stalled cycles.
Nic 197 had 2312 stalled cycles.
Nic 196 had 2312 stalled cycles.
Nic 195 had 2312 stalled cycles.
Nic 194 had 2312 stalled cycles.
Nic 193 had 2312 stalled cycles.
Nic 192 had 2312 stalled cycles.
Nic 191 had 2312 stalled cycles.
Nic 190 had 2312 stalled cycles.
Nic 189 had 2312 stalled cycles.
Nic 188 had 2312 stalled cycles.
Nic 187 had 2312 stalled cycles.
Nic 186 had 2312 stalled cycles.
Nic 185 had 2312 stalled cycles.
Nic 184 had 2312 stalled cycles.
Nic 183 had 2312 stalled cycles.
Nic 182 had 2312 stalled cycles.
Nic 181 had 2312 stalled cycles.
Nic 180 had 2312 stalled cycles.
Nic 179 had 2312 stalled cycles.
Nic 178 had 2312 stalled cycles.
Nic 177 had 2312 stalled cycles.
Nic 176 had 2312 stalled cycles.
Nic 175 had 2312 stalled cycles.
Nic 174 had 2312 stalled cycles.
Nic 173 had 2312 stalled cycles.
Nic 172 had 2312 stalled cycles.
Nic 171 had 2312 stalled cycles.
Nic 170 had 2312 stalled cycles.
Nic 169 had 2312 stalled cycles.
Nic 168 had 2312 stalled cycles.
Nic 167 had 2312 stalled cycles.
Nic 166 had 2312 stalled cycles.
Nic 165 had 2312 stalled cycles.
Nic 164 had 2312 stalled cycles.
Nic 163 had 2312 stalled cycles.
Nic 162 had 2312 stalled cycles.
Nic 161 had 2312 stalled cycles.
Nic 160 had 2312 stalled cycles.
Nic 159 had 2312 stalled cycles.
Nic 158 had 2312 stalled cycles.
Nic 157 had 2312 stalled cycles.
Nic 156 had 2312 stalled cycles.
Nic 155 had 2312 stalled cycles.
Nic 154 had 2312 stalled cycles.
Nic 153 had 2312 stalled cycles.
Nic 152 had 2312 stalled cycles.
Nic 151 had 2312 stalled cycles.
Nic 150 had 2312 stalled cycles.
Nic 149 had 2312 stalled cycles.
Nic 148 had 2312 stalled cycles.
Nic 147 had 2312 stalled cycles.
Nic 146 had 2312 stalled cycles.
Nic 145 had 2312 stalled cycles.
Nic 144 had 2312 stalled cycles.
Nic 143 had 2312 stalled cycles.
Nic 142 had 2312 stalled cycles.
Nic 141 had 2312 stalled cycles.
Nic 140 had 2312 stalled cycles.
Nic 139 had 2312 stalled cycles.
Nic 138 had 2312 stalled cycles.
Nic 137 had 2312 stalled cycles.
Nic 136 had 2312 stalled cycles.
Nic 135 had 2312 stalled cycles.
Nic 134 had 2312 stalled cycles.
Nic 133 had 2312 stalled cycles.
Nic 132 had 2312 stalled cycles.
Nic 131 had 2312 stalled cycles.
Nic 130 had 2312 stalled cycles.
Nic 129 had 2312 stalled cycles.
Nic 128 had 2312 stalled cycles.
Nic 127 had 2312 stalled cycles.
Nic 126 had 2312 stalled cycles.
Nic 125 had 2312 stalled cycles.
Nic 124 had 2312 stalled cycles.
Nic 123 had 2312 stalled cycles.
Nic 122 had 2312 stalled cycles.
Nic 121 had 2312 stalled cycles.
Nic 120 had 2312 stalled cycles.
Nic 119 had 2312 stalled cycles.
Nic 118 had 2312 stalled cycles.
Nic 117 had 2312 stalled cycles.
Nic 116 had 2312 stalled cycles.
Nic 115 had 2312 stalled cycles.
Nic 114 had 2312 stalled cycles.
Nic 113 had 2312 stalled cycles.
Nic 112 had 2312 stalled cycles.
Nic 111 had 2312 stalled cycles.
Nic 110 had 2312 stalled cycles.
Nic 109 had 2312 stalled cycles.
Nic 108 had 2312 stalled cycles.
Nic 107 had 2312 stalled cycles.
Nic 106 had 2312 stalled cycles.
Nic 105 had 2312 stalled cycles.
Nic 104 had 2312 stalled cycles.
Nic 103 had 2312 stalled cycles.
Nic 102 had 2312 stalled cycles.
Nic 101 had 2312 stalled cycles.
Nic 100 had 2312 stalled cycles.
Nic 99 had 2312 stalled cycles.
Nic 98 had 2312 stalled cycles.
Nic 97 had 2312 stalled cycles.
Nic 96 had 2312 stalled cycles.
Nic 95 had 2312 stalled cycles.
Nic 94 had 2312 stalled cycles.
Nic 93 had 2312 stalled cycles.
Nic 92 had 2312 stalled cycles.
Nic 91 had 2312 stalled cycles.
Nic 90 had 2312 stalled cycles.
Nic 89 had 2312 stalled cycles.
Nic 88 had 2312 stalled cycles.
Nic 87 had 2312 stalled cycles.
Nic 86 had 2312 stalled cycles.
Nic 85 had 2312 stalled cycles.
Nic 84 had 2312 stalled cycles.
Nic 83 had 2312 stalled cycles.
Nic 82 had 2312 stalled cycles.
Nic 81 had 2312 stalled cycles.
Nic 80 had 2312 stalled cycles.
Nic 79 had 2312 stalled cycles.
Nic 78 had 2312 stalled cycles.
Nic 77 had 2312 stalled cycles.
Nic 76 had 2312 stalled cycles.
Nic 75 had 2312 stalled cycles.
Nic 74 had 2312 stalled cycles.
Nic 73 had 2312 stalled cycles.
Nic 72 had 2312 stalled cycles.
Nic 71 had 2312 stalled cycles.
Nic 70 had 2312 stalled cycles.
Nic 69 had 2312 stalled cycles.
Nic 68 had 2312 stalled cycles.
Nic 67 had 2312 stalled cycles.
Nic 66 had 2312 stalled cycles.
Nic 65 had 2312 stalled cycles.
Nic 64 had 2312 stalled cycles.
Nic 63 had 2312 stalled cycles.
Nic 62 had 2312 stalled cycles.
Nic 61 had 2312 stalled cycles.
Nic 60 had 2312 stalled cycles.
Nic 59 had 2312 stalled cycles.
Nic 58 had 2312 stalled cycles.
Nic 57 had 2312 stalled cycles.
Nic 56 had 2312 stalled cycles.
Nic 55 had 2312 stalled cycles.
Nic 54 had 2312 stalled cycles.
Nic 53 had 2312 stalled cycles.
Nic 52 had 2312 stalled cycles.
Nic 51 had 2312 stalled cycles.
Nic 50 had 2312 stalled cycles.
Nic 49 had 2312 stalled cycles.
Nic 48 had 2312 stalled cycles.
Nic 47 had 2312 stalled cycles.
Nic 46 had 2312 stalled cycles.
Nic 45 had 2312 stalled cycles.
Nic 44 had 2312 stalled cycles.
Nic 43 had 2312 stalled cycles.
Nic 42 had 2312 stalled cycles.
Nic 41 had 2312 stalled cycles.
Nic 40 had 2312 stalled cycles.
Nic 39 had 2312 stalled cycles.
Nic 38 had 2312 stalled cycles.
Nic 37 had 2312 stalled cycles.
Nic 36 had 2312 stalled cycles.
Nic 35 had 2312 stalled cycles.
Nic 34 had 2312 stalled cycles.
Nic 33 had 2312 stalled cycles.
Nic 32 had 2312 stalled cycles.
Nic 31 had 2312 stalled cycles.
Nic 30 had 2312 stalled cycles.
Nic 29 had 2312 stalled cycles.
Nic 28 had 2312 stalled cycles.
Nic 27 had 2312 stalled cycles.
Nic 26 had 2312 stalled cycles.
Nic 25 had 2312 stalled cycles.
Nic 24 had 2312 stalled cycles.
Nic 23 had 2312 stalled cycles.
Nic 22 had 2312 stalled cycles.
Nic 21 had 2312 stalled cycles.
Nic 20 had 2312 stalled cycles.
Nic 19 had 2312 stalled cycles.
Nic 18 had 2312 stalled cycles.
Nic 17 had 2312 stalled cycles.
Nic 16 had 2312 stalled cycles.
Nic 15 had 2312 stalled cycles.
Nic 14 had 2312 stalled cycles.
Nic 13 had 2312 stalled cycles.
Nic 12 had 2312 stalled cycles.
Nic 11 had 2312 stalled cycles.
Nic 10 had 2312 stalled cycles.
Nic 9 had 2312 stalled cycles.
Nic 8 had 2312 stalled cycles.
Nic 7 had 2312 stalled cycles.
Nic 6 had 2312 stalled cycles.
Nic 5 had 2312 stalled cycles.
Nic 4 had 2312 stalled cycles.
Nic 3 had 2312 stalled cycles.
Nic 2 had 2312 stalled cycles.
Nic 1 had 2312 stalled cycles.
Nic 0 had 2312 stalled cycles.
Simulation is complete, simulated time: 8.008 us
